MariaDB [exam713483]> use exam713483;
Database changed
MariaDB [exam713483]> show tables;
+----------------------+
| Tables_in_exam713483 |
+----------------------+
| client               |
| employee             |
| has_clearance        |
| package              |
| planet               |
| shipment             |
+----------------------+
6 rows in set (0.00 sec)

MariaDB [exam713483]> select *from employee;
+------------+--------------------------+--------------+---------+----------------------------------------------------+
| EmployeeID | Name                     | Position     | Salary  | Remarks                                            |
+------------+--------------------------+--------------+---------+----------------------------------------------------+
|          1 | Phillip J. Fry           | Delivery boy | 7500.00 | Not to be confused with the Philip J. Fry from Hov |
|          2 | Turanga Leela            | Captain      | 9999.99 | NULL                                               |
|          3 | Bender Bending Rodriguez | Robot        | 7500.00 | NULL                                               |
|          4 | Hubert J. Farnsworth     | CEO          | 9999.99 | NULL                                               |
|          5 | John A. Zoidberg         | Physician    |   25.00 | NULL                                               |
|          6 | Amy Wong                 | Intern       | 5000.00 | NULL                                               |
|          7 | Hermes Conrad            | Bureaucrat   | 9999.99 | NULL                                               |
|          8 | Scruffy Scruffington     | Janitor      | 5000.00 | NULL                                               |
+------------+--------------------------+--------------+---------+----------------------------------------------------+
8 rows in set (0.00 sec)

MariaDB [exam713483]> select *from shipment;;
+------------+--------------+---------+--------+
| ShipmentID | ShipmentDate | Manager | Planet |
+------------+--------------+---------+--------+
|          1 | 3004-05-11   |       1 |      1 |
|          2 | 3004-05-11   |       1 |      2 |
|          3 | NULL         |       2 |      3 |
|          4 | NULL         |       2 |      4 |
|          5 | NULL         |       7 |      5 |
+------------+--------------+---------+--------+
5 rows in set (0.00 sec)

ERROR: No query specified

MariaDB [exam713483]> select name from employee e join shipment s on e.employeeid=s.shipmentid where employeeid=2;
+---------------+
| name          |
+---------------+
| Turanga Leela |
+---------------+
1 row in set (0.24 sec)

MariaDB [exam713483]> select e.name,s.shipmentid,s.shipmentdate,s.manager,s.planet from employee e join shipment s on e.employeeid=s.shipmentid where employeeid=2;
+---------------+------------+--------------+---------+--------+
| name          | shipmentid | shipmentdate | manager | planet |
+---------------+------------+--------------+---------+--------+
| Turanga Leela |          2 | 3004-05-11   |       1 |      2 |
+---------------+------------+--------------+---------+--------+
1 row in set (0.00 sec)

MariaDB [exam713483]> select *from planet;
+----------+------------------+-------------+
| PlanetID | Name             | Coordinates |
+----------+------------------+-------------+
|        1 | Omicron Persei 8 |     9999.99 |
|        2 | Decapod X        |     9999.99 |
|        3 | Mars             |     9999.99 |
|        4 | Omega III        |     9999.99 |
|        5 | Tarantulon VI    |     9999.99 |
|        6 | Cannibalon       |     9999.99 |
|        7 | DogDoo VII       |     9999.99 |
|        8 | Nintenduu 64     |     9999.99 |
|        9 | Amazonia         |     9999.99 |
+----------+------------------+-------------+
9 rows in set (0.00 sec)

MariaDB [exam713483]> select *from has_clearance;
+----------+--------+-------+
| Employee | Planet | Level |
+----------+--------+-------+
|        1 |      1 |     2 |
|        1 |      2 |     3 |
|        2 |      3 |     2 |
|        2 |      4 |     4 |
|        3 |      5 |     2 |
|        3 |      6 |     4 |
|        4 |      7 |     1 |
+----------+--------+-------+
7 rows in set (0.00 sec)

MariaDB [exam713483]> select *from package;
+----------+---------------+-------------------+--------+--------+-----------+
| Shipment | PackageNumber | Contents          | Weight | Sender | Recipient |
+----------+---------------+-------------------+--------+--------+-----------+
|        1 |             1 | Undeclared        |   1.50 |      1 |         2 |
|        2 |             1 | Undeclared        |  10.00 |      2 |         3 |
|        2 |             2 | A bucket of krill |   2.00 |      8 |         7 |
|        3 |             1 | Undeclared        |  15.00 |      3 |         4 |
|        3 |             2 | Undeclared        |   3.00 |      5 |         1 |
|        3 |             3 | Undeclared        |   7.00 |      2 |         3 |
|        4 |             1 | Undeclared        |   5.00 |      4 |         5 |
|        4 |             2 | Undeclared        |  27.00 |      1 |         2 |
|        5 |             1 | Undeclared        | 100.00 |      5 |         1 |
+----------+---------------+-------------------+--------+--------+-----------+
9 rows in set (0.00 sec)

MariaDB [exam713483]> select *from client;
+---------------+-------------------+
| AccountNumber | Name              |
+---------------+-------------------+
|             1 | Zapp Brannigan    |
|             2 | Al Gore's Head    |
|             3 | Barbados Slim     |
|             4 | Ogden Wernstrom   |
|             5 | Leo Wong          |
|             6 | Lrrr              |
|             7 | John Zoidberg     |
|             8 | John Zoidfarb     |
|             9 | Morbo             |
|            10 | Judge John Whitey |
|            11 | Calculon          |
+---------------+-------------------+
11 rows in set (0.00 sec)

MariaDB [exam713483]> select p.contents from package p join client c on p.packagenumber=c.accountnumber=1;
+-------------------+
| contents          |
+-------------------+
| Undeclared        |
| Undeclared        |
| Undeclared        |
| Undeclared        |
| Undeclared        |
| A bucket of krill |
| Undeclared        |
| Undeclared        |
| Undeclared        |
+-------------------+
9 rows in set (0.00 sec)

MariaDB [exam713483]> select p.shipment,p.packagenumber,p.contents,p.weight,p.sender,p.recipient from package p join client c on p.packagenumber=c.accountnumber=1;
+----------+---------------+-------------------+--------+--------+-----------+
| shipment | packagenumber | contents          | weight | sender | recipient |
+----------+---------------+-------------------+--------+--------+-----------+
|        1 |             1 | Undeclared        |   1.50 |      1 |         2 |
|        2 |             1 | Undeclared        |  10.00 |      2 |         3 |
|        3 |             1 | Undeclared        |  15.00 |      3 |         4 |
|        4 |             1 | Undeclared        |   5.00 |      4 |         5 |
|        5 |             1 | Undeclared        | 100.00 |      5 |         1 |
|        2 |             2 | A bucket of krill |   2.00 |      8 |         7 |
|        3 |             2 | Undeclared        |   3.00 |      5 |         1 |
|        4 |             2 | Undeclared        |  27.00 |      1 |         2 |
|        3 |             3 | Undeclared        |   7.00 |      2 |         3 |
+----------+---------------+-------------------+--------+--------+-----------+
9 rows in set (0.00 sec)

MariaDB [exam713483]> select p.shipment,p.packagenumber,p.contents,p.weight,p.sender,p.recipient from package p join client c on p.packagenumber=c.accountnumber where accountnumber=1;
+----------+---------------+------------+--------+--------+-----------+
| shipment | packagenumber | contents   | weight | sender | recipient |
+----------+---------------+------------+--------+--------+-----------+
|        1 |             1 | Undeclared |   1.50 |      1 |         2 |
|        2 |             1 | Undeclared |  10.00 |      2 |         3 |
|        3 |             1 | Undeclared |  15.00 |      3 |         4 |
|        4 |             1 | Undeclared |   5.00 |      4 |         5 |
|        5 |             1 | Undeclared | 100.00 |      5 |         1 |
+----------+---------------+------------+--------+--------+-----------+
5 rows in set (0.00 sec)

MariaDB [exam713483]> select p.shipment,p.packagenumber,p.contents,p.weight,p.sender,p.recipient from package p join client c on p.packagenumber=c.accountnumber where accountnumber=1,5;
ERROR 1064 (42000): You have an error in your SQL syntax; check the manual that corresponds to your MariaDB server version for the right syntax to use near '5' at line 1
MariaDB [exam713483]> select p.shipment,p.packagenumber,p.contents,p.weight,p.sender,p.recipient from package p join client c on p.packagenumber=c.accountnumber where accountnumber=1 or 5;
+----------+---------------+-------------------+--------+--------+-----------+
| shipment | packagenumber | contents          | weight | sender | recipient |
+----------+---------------+-------------------+--------+--------+-----------+
|        1 |             1 | Undeclared        |   1.50 |      1 |         2 |
|        2 |             1 | Undeclared        |  10.00 |      2 |         3 |
|        2 |             2 | A bucket of krill |   2.00 |      8 |         7 |
|        3 |             1 | Undeclared        |  15.00 |      3 |         4 |
|        3 |             2 | Undeclared        |   3.00 |      5 |         1 |
|        3 |             3 | Undeclared        |   7.00 |      2 |         3 |
|        4 |             1 | Undeclared        |   5.00 |      4 |         5 |
|        4 |             2 | Undeclared        |  27.00 |      1 |         2 |
|        5 |             1 | Undeclared        | 100.00 |      5 |         1 |
+----------+---------------+-------------------+--------+--------+-----------+
9 rows in set (0.00 sec)

MariaDB [exam713483]> select p.shipment,p.packagenumber,p.contents,p.weight,p.sender,p.recipient from package p join client c on p.packagenumber=c.accountnumber where accountnumber=1 or 5 or 6;
+----------+---------------+-------------------+--------+--------+-----------+
| shipment | packagenumber | contents          | weight | sender | recipient |
+----------+---------------+-------------------+--------+--------+-----------+
|        1 |             1 | Undeclared        |   1.50 |      1 |         2 |
|        2 |             1 | Undeclared        |  10.00 |      2 |         3 |
|        2 |             2 | A bucket of krill |   2.00 |      8 |         7 |
|        3 |             1 | Undeclared        |  15.00 |      3 |         4 |
|        3 |             2 | Undeclared        |   3.00 |      5 |         1 |
|        3 |             3 | Undeclared        |   7.00 |      2 |         3 |
|        4 |             1 | Undeclared        |   5.00 |      4 |         5 |
|        4 |             2 | Undeclared        |  27.00 |      1 |         2 |
|        5 |             1 | Undeclared        | 100.00 |      5 |         1 |
+----------+---------------+-------------------+--------+--------+-----------+
9 rows in set (0.00 sec)

MariaDB [exam713483]> select s.shipmentdate,p.sender,p.recipient from shipment s join package p on s.shipment=p.packagenumber where weight between 5 and 10;
ERROR 1054 (42S22): Unknown column 's.shipment' in 'on clause'
MariaDB [exam713483]> select s.shipmentdate,p.sender,p.recipient from shipment s join package p on s.shipmentid=p.packagenumber where weight between 5 and 10;
+--------------+--------+-----------+
| shipmentdate | sender | recipient |
+--------------+--------+-----------+
| 3004-05-11   |      2 |         3 |
| 3004-05-11   |      4 |         5 |
| NULL         |      2 |         3 |
+--------------+--------+-----------+
3 rows in set (0.05 sec)

MariaDB [exam713483]> select *from shipment;
+------------+--------------+---------+--------+
| ShipmentID | ShipmentDate | Manager | Planet |
+------------+--------------+---------+--------+
|          1 | 3004-05-11   |       1 |      1 |
|          2 | 3004-05-11   |       1 |      2 |
|          3 | NULL         |       2 |      3 |
|          4 | NULL         |       2 |      4 |
|          5 | NULL         |       7 |      5 |
+------------+--------------+---------+--------+
5 rows in set (0.00 sec)

MariaDB [exam713483]> select *from planet;
+----------+------------------+-------------+
| PlanetID | Name             | Coordinates |
+----------+------------------+-------------+
|        1 | Omicron Persei 8 |     9999.99 |
|        2 | Decapod X        |     9999.99 |
|        3 | Mars             |     9999.99 |
|        4 | Omega III        |     9999.99 |
|        5 | Tarantulon VI    |     9999.99 |
|        6 | Cannibalon       |     9999.99 |
|        7 | DogDoo VII       |     9999.99 |
|        8 | Nintenduu 64     |     9999.99 |
|        9 | Amazonia         |     9999.99 |
+----------+------------------+-------------+
9 rows in set (0.00 sec)

MariaDB [exam713483]> select s.shipmentid,s.shipmentdate,s.manager,s.planet from shipment s join planet p on s.shipmentid=p.planetid where p.name like '%mars%' or '%amazonia%'; 
+------------+--------------+---------+--------+
| shipmentid | shipmentdate | manager | planet |
+------------+--------------+---------+--------+
|          3 | NULL         |       2 |      3 |
+------------+--------------+---------+--------+
1 row in set, 4 warnings (0.03 sec)

MariaDB [exam713483]> select *from employee;
+------------+--------------------------+--------------+---------+----------------------------------------------------+
| EmployeeID | Name                     | Position     | Salary  | Remarks                                            |
+------------+--------------------------+--------------+---------+----------------------------------------------------+
|          1 | Phillip J. Fry           | Delivery boy | 7500.00 | Not to be confused with the Philip J. Fry from Hov |
|          2 | Turanga Leela            | Captain      | 9999.99 | NULL                                               |
|          3 | Bender Bending Rodriguez | Robot        | 7500.00 | NULL                                               |
|          4 | Hubert J. Farnsworth     | CEO          | 9999.99 | NULL                                               |
|          5 | John A. Zoidberg         | Physician    |   25.00 | NULL                                               |
|          6 | Amy Wong                 | Intern       | 5000.00 | NULL                                               |
|          7 | Hermes Conrad            | Bureaucrat   | 9999.99 | NULL                                               |
|          8 | Scruffy Scruffington     | Janitor      | 5000.00 | NULL                                               |
+------------+--------------------------+--------------+---------+----------------------------------------------------+
8 rows in set (0.00 sec)

MariaDB [exam713483]> select *from has_clearance3;
ERROR 1146 (42S02): Table 'exam713483.has_clearance3' doesn't exist
MariaDB [exam713483]> select *from has_clearance;
+----------+--------+-------+
| Employee | Planet | Level |
+----------+--------+-------+
|        1 |      1 |     2 |
|        1 |      2 |     3 |
|        2 |      3 |     2 |
|        2 |      4 |     4 |
|        3 |      5 |     2 |
|        3 |      6 |     4 |
|        4 |      7 |     1 |
+----------+--------+-------+
7 rows in set (0.00 sec)

MariaDB [exam713483]> select *from planet;
+----------+------------------+-------------+
| PlanetID | Name             | Coordinates |
+----------+------------------+-------------+
|        1 | Omicron Persei 8 |     9999.99 |
|        2 | Decapod X        |     9999.99 |
|        3 | Mars             |     9999.99 |
|        4 | Omega III        |     9999.99 |
|        5 | Tarantulon VI    |     9999.99 |
|        6 | Cannibalon       |     9999.99 |
|        7 | DogDoo VII       |     9999.99 |
|        8 | Nintenduu 64     |     9999.99 |
|        9 | Amazonia         |     9999.99 |
+----------+------------------+-------------+
9 rows in set (0.00 sec)

MariaDB [exam713483]> select e.name,p.name from employee e join planet p on e.employeeid=p.employee join has_clearance h on h.employee=p.planetid;
ERROR 1054 (42S22): Unknown column 'p.employee' in 'on clause'
MariaDB [exam713483]> select e.name,p.name from employee e join planet p on e.employeeid=p.employee join has_clearance h on h.planet=p.planetid;
ERROR 1054 (42S22): Unknown column 'p.employee' in 'on clause'
MariaDB [exam713483]> select e.name,p.name from employee e join planet p on e.employeeid=p.planet join has_clearance h on h.planet=p.planetid;
ERROR 1054 (42S22): Unknown column 'p.planet' in 'on clause'
MariaDB [exam713483]> select e.name,p.name from employee e join planet p on e.employeeid=p.planet join has_clearance h on h.planet=p.pselanetid;
ERROR 1054 (42S22): Unknown column 'p.planet' in 'on clause'
MariaDB [exam713483]> select *from package;
+----------+---------------+-------------------+--------+--------+-----------+
| Shipment | PackageNumber | Contents          | Weight | Sender | Recipient |
+----------+---------------+-------------------+--------+--------+-----------+
|        1 |             1 | Undeclared        |   1.50 |      1 |         2 |
|        2 |             1 | Undeclared        |  10.00 |      2 |         3 |
|        2 |             2 | A bucket of krill |   2.00 |      8 |         7 |
|        3 |             1 | Undeclared        |  15.00 |      3 |         4 |
|        3 |             2 | Undeclared        |   3.00 |      5 |         1 |
|        3 |             3 | Undeclared        |   7.00 |      2 |         3 |
|        4 |             1 | Undeclared        |   5.00 |      4 |         5 |
|        4 |             2 | Undeclared        |  27.00 |      1 |         2 |
|        5 |             1 | Undeclared        | 100.00 |      5 |         1 |
+----------+---------------+-------------------+--------+--------+-----------+
9 rows in set (0.00 sec)

MariaDB [exam713483]> select *from client;
+---------------+-------------------+
| AccountNumber | Name              |
+---------------+-------------------+
|             1 | Zapp Brannigan    |
|             2 | Al Gore's Head    |
|             3 | Barbados Slim     |
|             4 | Ogden Wernstrom   |
|             5 | Leo Wong          |
|             6 | Lrrr              |
|             7 | John Zoidberg     |
|             8 | John Zoidfarb     |
|             9 | Morbo             |
|            10 | Judge John Whitey |
|            11 | Calculon          |
+---------------+-------------------+
11 rows in set (0.00 sec)

MariaDB [exam713483]> select c.name from client c join package p on c.accountnumber=p.packagenumber where contents like '%undeclared%';
+----------------+
| name           |
+----------------+
| Zapp Brannigan |
| Zapp Brannigan |
| Zapp Brannigan |
| Al Gore's Head |
| Barbados Slim  |
| Zapp Brannigan |
| Al Gore's Head |
| Zapp Brannigan |
+----------------+
8 rows in set (0.00 sec)

MariaDB [exam713483]> select *from employee;
+------------+--------------------------+--------------+---------+----------------------------------------------------+
| EmployeeID | Name                     | Position     | Salary  | Remarks                                            |
+------------+--------------------------+--------------+---------+----------------------------------------------------+
|          1 | Phillip J. Fry           | Delivery boy | 7500.00 | Not to be confused with the Philip J. Fry from Hov |
|          2 | Turanga Leela            | Captain      | 9999.99 | NULL                                               |
|          3 | Bender Bending Rodriguez | Robot        | 7500.00 | NULL                                               |
|          4 | Hubert J. Farnsworth     | CEO          | 9999.99 | NULL                                               |
|          5 | John A. Zoidberg         | Physician    |   25.00 | NULL                                               |
|          6 | Amy Wong                 | Intern       | 5000.00 | NULL                                               |
|          7 | Hermes Conrad            | Bureaucrat   | 9999.99 | NULL                                               |
|          8 | Scruffy Scruffington     | Janitor      | 5000.00 | NULL                                               |
+------------+--------------------------+--------------+---------+----------------------------------------------------+
8 rows in set (0.00 sec)

MariaDB [exam713483]> select concat('$' salary) from employee;
ERROR 1583 (42000): Incorrect parameters in the call to native function 'concat'
MariaDB [exam713483]> select concat('$' 'salary') from employee;
+----------------------+
| concat('$' 'salary') |
+----------------------+
| $salary              |
| $salary              |
| $salary              |
| $salary              |
| $salary              |
| $salary              |
| $salary              |
| $salary              |
+----------------------+
8 rows in set (0.05 sec)

MariaDB [exam713483]> select concat('$') from employee;
+-------------+
| concat('$') |
+-------------+
| $           |
| $           |
| $           |
| $           |
| $           |
| $           |
| $           |
| $           |
+-------------+
8 rows in set (0.00 sec)

MariaDB [exam713483]> select *concat('$') from employee;
ERROR 1064 (42000): You have an error in your SQL syntax; check the manual that corresponds to your MariaDB server version for the right syntax to use near 'concat('$') from employee' at line 1
MariaDB [exam713483]> select *from concat('$') from employee;
ERROR 1064 (42000): You have an error in your SQL syntax; check the manual that corresponds to your MariaDB server version for the right syntax to use near '('$') from employee' at line 1
MariaDB [exam713483]> select *from employee concat('$');
ERROR 1064 (42000): You have an error in your SQL syntax; check the manual that corresponds to your MariaDB server version for the right syntax to use near '('$')' at line 1
MariaDB [exam713483]> SELECT CONCAT(Address, " ", PostalCode, " ", City) AS Address
    -> FROM Customers;
ERROR 1146 (42S02): Table 'exam713483.customers' doesn't exist
MariaDB [exam713483]> Try it Yourself ¯
    -> Try it Yourself ¯;
ERROR 1064 (42000): You have an error in your SQL syntax; check the manual that corresponds to your MariaDB server version for the right syntax to use near 'Try it Yourself ¯
Try it Yourself ¯' at line 1
MariaDB [exam713483]> SELECT CONCAT('$') AS salary FROM EMPLOYEE;
+--------+
| salary |
+--------+
| $      |
| $      |
| $      |
| $      |
| $      |
| $      |
| $      |
| $      |
+--------+
8 rows in set (0.00 sec)

MariaDB [exam713483]> SELECT CONCAT('$',SALARY) AS salary FROM EMPLOYEE;
+----------+
| salary   |
+----------+
| $7500.00 |
| $9999.99 |
| $7500.00 |
| $9999.99 |
| $25.00   |
| $5000.00 |
| $9999.99 |
| $5000.00 |
+----------+
8 rows in set (0.00 sec)

MariaDB [exam713483]> SELECT *FROM,CONCAT('$',SALARY) AS salary FROM EMPLOYEE;
ERROR 1064 (42000): You have an error in your SQL syntax; check the manual that corresponds to your MariaDB server version for the right syntax to use near 'CONCAT('$',SALARY) AS salary FROM EMPLOYEE' at line 1
MariaDB [exam713483]> SELECT EMPLOYEEID,NAME,POSITION,CONCAT('$',SALARY),REMARKS AS salary FROM EMPLOYEE;
+------------+--------------------------+--------------+--------------------+----------------------------------------------------+
| EMPLOYEEID | NAME                     | POSITION     | CONCAT('$',SALARY) | salary                                             |
+------------+--------------------------+--------------+--------------------+----------------------------------------------------+
|          1 | Phillip J. Fry           | Delivery boy | $7500.00           | Not to be confused with the Philip J. Fry from Hov |
|          2 | Turanga Leela            | Captain      | $9999.99           | NULL                                               |
|          3 | Bender Bending Rodriguez | Robot        | $7500.00           | NULL                                               |
|          4 | Hubert J. Farnsworth     | CEO          | $9999.99           | NULL                                               |
|          5 | John A. Zoidberg         | Physician    | $25.00             | NULL                                               |
|          6 | Amy Wong                 | Intern       | $5000.00           | NULL                                               |
|          7 | Hermes Conrad            | Bureaucrat   | $9999.99           | NULL                                               |
|          8 | Scruffy Scruffington     | Janitor      | $5000.00           | NULL                                               |
+------------+--------------------------+--------------+--------------------+----------------------------------------------------+
8 rows in set (0.00 sec)

MariaDB [exam713483]> SELECT EMPLOYEEID,NAME,POSITION,CONCAT('$',SALARY) AS salary,REMARKS FROM EMPLOYEE;
+------------+--------------------------+--------------+----------+----------------------------------------------------+
| EMPLOYEEID | NAME                     | POSITION     | salary   | REMARKS                                            |
+------------+--------------------------+--------------+----------+----------------------------------------------------+
|          1 | Phillip J. Fry           | Delivery boy | $7500.00 | Not to be confused with the Philip J. Fry from Hov |
|          2 | Turanga Leela            | Captain      | $9999.99 | NULL                                               |
|          3 | Bender Bending Rodriguez | Robot        | $7500.00 | NULL                                               |
|          4 | Hubert J. Farnsworth     | CEO          | $9999.99 | NULL                                               |
|          5 | John A. Zoidberg         | Physician    | $25.00   | NULL                                               |
|          6 | Amy Wong                 | Intern       | $5000.00 | NULL                                               |
|          7 | Hermes Conrad            | Bureaucrat   | $9999.99 | NULL                                               |
|          8 | Scruffy Scruffington     | Janitor      | $5000.00 | NULL                                               |
+------------+--------------------------+--------------+----------+----------------------------------------------------+
8 rows in set (0.00 sec)

MariaDB [exam713483]> SELECT NAME,POSITION,SALARY FROM EMPLOYEE LIMIT 1;
+----------------+--------------+---------+
| NAME           | POSITION     | SALARY  |
+----------------+--------------+---------+
| Phillip J. Fry | Delivery boy | 7500.00 |
+----------------+--------------+---------+
1 row in set (0.00 sec)

MariaDB [exam713483]> SELECT NAME,POSITION,CONCAT('$',SALARY) AS SALARY FROM EMPLOYEE LIMIT 1;
+----------------+--------------+----------+
| NAME           | POSITION     | SALARY   |
+----------------+--------------+----------+
| Phillip J. Fry | Delivery boy | $7500.00 |
+----------------+--------------+----------+
1 row in set (0.00 sec)

MariaDB [exam713483]> SELECT NAME,POSITION,CONCAT('$','/MONTH',SALARY) AS SALARY FROM EMPLOYEE LIMIT 1;
+----------------+--------------+----------------+
| NAME           | POSITION     | SALARY         |
+----------------+--------------+----------------+
| Phillip J. Fry | Delivery boy | $/MONTH7500.00 |
+----------------+--------------+----------------+
1 row in set (0.00 sec)

MariaDB [exam713483]> SELECT NAME,POSITION,CONCAT('$',SALARY,'/MONTH') AS SALARY FROM EMPLOYEE LIMIT 1;
+----------------+--------------+----------------+
| NAME           | POSITION     | SALARY         |
+----------------+--------------+----------------+
| Phillip J. Fry | Delivery boy | $7500.00/MONTH |
+----------------+--------------+----------------+
1 row in set (0.00 sec)

MariaDB [exam713483]> SELECT *FROM SHIPMENT;
+------------+--------------+---------+--------+
| ShipmentID | ShipmentDate | Manager | Planet |
+------------+--------------+---------+--------+
|          1 | 3004-05-11   |       1 |      1 |
|          2 | 3004-05-11   |       1 |      2 |
|          3 | NULL         |       2 |      3 |
|          4 | NULL         |       2 |      4 |
|          5 | NULL         |       7 |      5 |
+------------+--------------+---------+--------+
5 rows in set (0.00 sec)

MariaDB [exam713483]> UPDATE SHIPMENT SET CURDATE() WHERE SHIPMENTDATE IS NULL;
ERROR 1064 (42000): You have an error in your SQL syntax; check the manual that corresponds to your MariaDB server version for the right syntax to use near 'CURDATE() WHERE SHIPMENTDATE IS NULL' at line 1
MariaDB [exam713483]> UPDATE SHIPMENT SET CURDATE() WHERE SHIPMENTDATE NULL;
ERROR 1064 (42000): You have an error in your SQL syntax; check the manual that corresponds to your MariaDB server version for the right syntax to use near 'CURDATE() WHERE SHIPMENTDATE NULL' at line 1
MariaDB [exam713483]> CURDATE();
ERROR 1064 (42000): You have an error in your SQL syntax; check the manual that corresponds to your MariaDB server version for the right syntax to use near 'CURDATE()' at line 1
MariaDB [exam713483]> SELECT CURDATE();
+------------+
| CURDATE()  |
+------------+
| 2017-09-18 |
+------------+
1 row in set (0.05 sec)

MariaDB [exam713483]> UPDATE SHIPMENT SET SHIPMENT=CURDATE() WHERE SHIPMENTDATE NULL;
ERROR 1064 (42000): You have an error in your SQL syntax; check the manual that corresponds to your MariaDB server version for the right syntax to use near 'NULL' at line 1
MariaDB [exam713483]> UPDATE SHIPMENT SET SHIPMENT=CURDATE();
ERROR 1054 (42S22): Unknown column 'SHIPMENT' in 'field list'
MariaDB [exam713483]> UPDATE SHIPMENT SET SHIPMENTDATE=CURDATE() WHERE SHIPMENTDATE IS NULL;
Query OK, 3 rows affected (0.08 sec)
Rows matched: 3  Changed: 3  Warnings: 0

MariaDB [exam713483]> SELECT *FROM SHIPMENT;
+------------+--------------+---------+--------+
| ShipmentID | ShipmentDate | Manager | Planet |
+------------+--------------+---------+--------+
|          1 | 3004-05-11   |       1 |      1 |
|          2 | 3004-05-11   |       1 |      2 |
|          3 | 2017-09-18   |       2 |      3 |
|          4 | 2017-09-18   |       2 |      4 |
|          5 | 2017-09-18   |       7 |      5 |
+------------+--------------+---------+--------+
5 rows in set (0.00 sec)

MariaDB [exam713483]> SELECT *FROM EMPOYEE;
ERROR 1146 (42S02): Table 'exam713483.empoyee' doesn't exist
MariaDB [exam713483]> SELECT *FROM EMPLOYEE;
+------------+--------------------------+--------------+---------+----------------------------------------------------+
| EmployeeID | Name                     | Position     | Salary  | Remarks                                            |
+------------+--------------------------+--------------+---------+----------------------------------------------------+
|          1 | Phillip J. Fry           | Delivery boy | 7500.00 | Not to be confused with the Philip J. Fry from Hov |
|          2 | Turanga Leela            | Captain      | 9999.99 | NULL                                               |
|          3 | Bender Bending Rodriguez | Robot        | 7500.00 | NULL                                               |
|          4 | Hubert J. Farnsworth     | CEO          | 9999.99 | NULL                                               |
|          5 | John A. Zoidberg         | Physician    |   25.00 | NULL                                               |
|          6 | Amy Wong                 | Intern       | 5000.00 | NULL                                               |
|          7 | Hermes Conrad            | Bureaucrat   | 9999.99 | NULL                                               |
|          8 | Scruffy Scruffington     | Janitor      | 5000.00 | NULL                                               |
+------------+--------------------------+--------------+---------+----------------------------------------------------+
8 rows in set (0.00 sec)

MariaDB [exam713483]> SELECT *FROM PLANET;
+----------+------------------+-------------+
| PlanetID | Name             | Coordinates |
+----------+------------------+-------------+
|        1 | Omicron Persei 8 |     9999.99 |
|        2 | Decapod X        |     9999.99 |
|        3 | Mars             |     9999.99 |
|        4 | Omega III        |     9999.99 |
|        5 | Tarantulon VI    |     9999.99 |
|        6 | Cannibalon       |     9999.99 |
|        7 | DogDoo VII       |     9999.99 |
|        8 | Nintenduu 64     |     9999.99 |
|        9 | Amazonia         |     9999.99 |
+----------+------------------+-------------+
9 rows in set (0.00 sec)

MariaDB [exam713483]> SELECT *FROM HAS_CLEARANCE;
+----------+--------+-------+
| Employee | Planet | Level |
+----------+--------+-------+
|        1 |      1 |     2 |
|        1 |      2 |     3 |
|        2 |      3 |     2 |
|        2 |      4 |     4 |
|        3 |      5 |     2 |
|        3 |      6 |     4 |
|        4 |      7 |     1 |
+----------+--------+-------+
7 rows in set (0.00 sec)

MariaDB [exam713483]> SELECT NAME,POSITION,CONCAT('$',SALARY,'/MONTH') AS SALARY FROM EMPLOYEE LIMIT 1;
+----------------+--------------+----------------+
| NAME           | POSITION     | SALARY         |
+----------------+--------------+----------------+
| Phillip J. Fry | Delivery boy | $7500.00/MONTH |
+----------------+--------------+----------------+
1 row in set (0.00 sec)

MariaDB [exam713483]> SELECT CONCAT(NAME),CONCAT(POSITION),CONCAT('$',SALARY,'/MONTH') AS SALARY FROM EMPLOYEE LIMIT 1;
+----------------+------------------+----------------+
| CONCAT(NAME)   | CONCAT(POSITION) | SALARY         |
+----------------+------------------+----------------+
| Phillip J. Fry | Delivery boy     | $7500.00/MONTH |
+----------------+------------------+----------------+
1 row in set (0.00 sec)

MariaDB [exam713483]> SELECT CONCAT(NAME,POSITION,'$',SALARY,'/MONTH') AS SALARY FROM EMPLOYEE LIMIT 1;
+------------------------------------------+
| SALARY                                   |
+------------------------------------------+
| Phillip J. FryDelivery boy$7500.00/MONTH |
+------------------------------------------+
1 row in set (0.00 sec)

MariaDB [exam713483]> SELECT CONCAT(NAME,POSITION,'$',SALARY,'/MONTH') FROM EMPLOYEE LIMIT 1;
+-------------------------------------------+
| CONCAT(NAME,POSITION,'$',SALARY,'/MONTH') |
+-------------------------------------------+
| Phillip J. FryDelivery boy$7500.00/MONTH  |
+-------------------------------------------+
1 row in set (0.00 sec)

MariaDB [exam713483]> SELECT CONCAT(NAME ,'IS',POSITION,'$',SALARY,'/MONTH') FROM EMPLOYEE LIMIT 1;
+-------------------------------------------------+
| CONCAT(NAME ,'IS',POSITION,'$',SALARY,'/MONTH') |
+-------------------------------------------------+
| Phillip J. FryISDelivery boy$7500.00/MONTH      |
+-------------------------------------------------+
1 row in set (0.00 sec)

MariaDB [exam713483]> SELECT CONCAT(NAME ,' is ',POSITION,'$',SALARY,'/MONTH') FROM EMPLOYEE LIMIT 1;
+---------------------------------------------------+
| CONCAT(NAME ,' is ',POSITION,'$',SALARY,'/MONTH') |
+---------------------------------------------------+
| Phillip J. Fry is Delivery boy$7500.00/MONTH      |
+---------------------------------------------------+
1 row in set (0.00 sec)

MariaDB [exam713483]> SELECT CONCAT(NAME ,' is ',POSITION,'$',SALARY,'/MONTH') as  FROM EMPLOYEE LIMIT 1;
ERROR 1064 (42000): You have an error in your SQL syntax; check the manual that corresponds to your MariaDB server version for the right syntax to use near 'FROM EMPLOYEE LIMIT 1' at line 1
MariaDB [exam713483]> SELECT CONCAT(NAME ,' is ',POSITION,'$','and earns ',SALARY,'/MONTH')   FROM EMPLOYEE LIMIT 1;
+----------------------------------------------------------------+
| CONCAT(NAME ,' is ',POSITION,'$','and earns ',SALARY,'/MONTH') |
+----------------------------------------------------------------+
| Phillip J. Fry is Delivery boy$and earns 7500.00/MONTH         |
+----------------------------------------------------------------+
1 row in set (0.00 sec)

MariaDB [exam713483]> SELECT CONCAT(NAME ,' is ',POSITION,'and earns','$',SALARY,'/MONTH')   FROM EMPLOYEE LIMIT 1;
+---------------------------------------------------------------+
| CONCAT(NAME ,' is ',POSITION,'and earns','$',SALARY,'/MONTH') |
+---------------------------------------------------------------+
| Phillip J. Fry is Delivery boyand earns$7500.00/MONTH         |
+---------------------------------------------------------------+
1 row in set (0.00 sec)

MariaDB [exam713483]> SELECT CONCAT(NAME ,' is ',POSITION,'and earns ','$',SALARY,'/MONTH')   FROM EMPLOYEE LIMIT 1;
+----------------------------------------------------------------+
| CONCAT(NAME ,' is ',POSITION,'and earns ','$',SALARY,'/MONTH') |
+----------------------------------------------------------------+
| Phillip J. Fry is Delivery boyand earns $7500.00/MONTH         |
+----------------------------------------------------------------+
1 row in set (0.00 sec)

MariaDB [exam713483]> select *from employee;
+------------+--------------------------+--------------+---------+----------------------------------------------------+
| EmployeeID | Name                     | Position     | Salary  | Remarks                                            |
+------------+--------------------------+--------------+---------+----------------------------------------------------+
|          1 | Phillip J. Fry           | Delivery boy | 7500.00 | Not to be confused with the Philip J. Fry from Hov |
|          2 | Turanga Leela            | Captain      | 9999.99 | NULL                                               |
|          3 | Bender Bending Rodriguez | Robot        | 7500.00 | NULL                                               |
|          4 | Hubert J. Farnsworth     | CEO          | 9999.99 | NULL                                               |
|          5 | John A. Zoidberg         | Physician    |   25.00 | NULL                                               |
|          6 | Amy Wong                 | Intern       | 5000.00 | NULL                                               |
|          7 | Hermes Conrad            | Bureaucrat   | 9999.99 | NULL                                               |
|          8 | Scruffy Scruffington     | Janitor      | 5000.00 | NULL                                               |
+------------+--------------------------+--------------+---------+----------------------------------------------------+
8 rows in set (0.00 sec)

MariaDB [exam713483]> select e.name,p.planet from employee e join planet p on e.employeeid=p.planet;
ERROR 1054 (42S22): Unknown column 'p.planet' in 'field list'
MariaDB [exam713483]> select *from planet;
+----------+------------------+-------------+
| PlanetID | Name             | Coordinates |
+----------+------------------+-------------+
|        1 | Omicron Persei 8 |     9999.99 |
|        2 | Decapod X        |     9999.99 |
|        3 | Mars             |     9999.99 |
|        4 | Omega III        |     9999.99 |
|        5 | Tarantulon VI    |     9999.99 |
|        6 | Cannibalon       |     9999.99 |
|        7 | DogDoo VII       |     9999.99 |
|        8 | Nintenduu 64     |     9999.99 |
|        9 | Amazonia         |     9999.99 |
+----------+------------------+-------------+
9 rows in set (0.00 sec)

MariaDB [exam713483]> select *from employee;
+------------+--------------------------+--------------+---------+----------------------------------------------------+
| EmployeeID | Name                     | Position     | Salary  | Remarks                                            |
+------------+--------------------------+--------------+---------+----------------------------------------------------+
|          1 | Phillip J. Fry           | Delivery boy | 7500.00 | Not to be confused with the Philip J. Fry from Hov |
|          2 | Turanga Leela            | Captain      | 9999.99 | NULL                                               |
|          3 | Bender Bending Rodriguez | Robot        | 7500.00 | NULL                                               |
|          4 | Hubert J. Farnsworth     | CEO          | 9999.99 | NULL                                               |
|          5 | John A. Zoidberg         | Physician    |   25.00 | NULL                                               |
|          6 | Amy Wong                 | Intern       | 5000.00 | NULL                                               |
|          7 | Hermes Conrad            | Bureaucrat   | 9999.99 | NULL                                               |
|          8 | Scruffy Scruffington     | Janitor      | 5000.00 | NULL                                               |
+------------+--------------------------+--------------+---------+----------------------------------------------------+
8 rows in set (0.00 sec)

MariaDB [exam713483]> select *from has_clearance;
+----------+--------+-------+
| Employee | Planet | Level |
+----------+--------+-------+
|        1 |      1 |     2 |
|        1 |      2 |     3 |
|        2 |      3 |     2 |
|        2 |      4 |     4 |
|        3 |      5 |     2 |
|        3 |      6 |     4 |
|        4 |      7 |     1 |
+----------+--------+-------+
7 rows in set (0.00 sec)

MariaDB [exam713483]> update employee set remarks='abs' where remarks is null;
Query OK, 7 rows affected (0.08 sec)
Rows matched: 7  Changed: 7  Warnings: 0

MariaDB [exam713483]> select *from employee;
+------------+--------------------------+--------------+---------+----------------------------------------------------+
| EmployeeID | Name                     | Position     | Salary  | Remarks                                            |
+------------+--------------------------+--------------+---------+----------------------------------------------------+
|          1 | Phillip J. Fry           | Delivery boy | 7500.00 | Not to be confused with the Philip J. Fry from Hov |
|          2 | Turanga Leela            | Captain      | 9999.99 | abs                                                |
|          3 | Bender Bending Rodriguez | Robot        | 7500.00 | abs                                                |
|          4 | Hubert J. Farnsworth     | CEO          | 9999.99 | abs                                                |
|          5 | John A. Zoidberg         | Physician    |   25.00 | abs                                                |
|          6 | Amy Wong                 | Intern       | 5000.00 | abs                                                |
|          7 | Hermes Conrad            | Bureaucrat   | 9999.99 | abs                                                |
|          8 | Scruffy Scruffington     | Janitor      | 5000.00 | abs                                                |
+------------+--------------------------+--------------+---------+----------------------------------------------------+
8 rows in set (0.00 sec)

